[MAVLink] Connecting to tcp:127.0.0.1:5790 ...
[MAVLink] Connected to SITL instance 3 (sysid=1, compid=1)
[MAVLink] Waiting for EKF health ...
[MAVLink] EKF healthy: flags=0x033f
[MAVLink] Waiting for GPS 3D fix ...
[MAVLink] GPS OK: lat=-353632621, lon=1491652374
[MAVLink] Sending arm command ...
[MAVLink] Vehicle ARMED
 t=  0.0 alt=  0.1 V=  0.1 roll=  0.0 T1=  0.0 ph=1
 t=  1.0 alt=  0.1 V=  0.3 roll=  0.0 T1= 16.0 ph=1
 t=  2.0 alt=  0.1 V=  1.4 roll=  0.0 T1= 44.5 ph=1
 t=  3.0 alt=  0.2 V=  1.4 roll=  0.0 T1= 51.5 ph=1
 t=  4.0 alt=  1.0 V=  1.4 roll= -0.0 T1= 51.5 ph=1
 t=  5.0 alt=  2.5 V=  1.4 roll= -0.0 T1= 49.5 ph=1
 t=  6.0 alt=  4.1 V=  0.8 roll=  0.0 T1= 49.8 ph=1
 t=  7.0 alt=  5.7 V=  0.8 roll=  0.0 T1= 50.1 ph=1
 t=  8.0 alt=  7.4 V=  0.8 roll=  0.0 T1= 50.4 ph=1
 t=  9.0 alt=  9.2 V=  0.7 roll=  0.0 T1= 50.5 ph=1
 t= 10.0 alt= 11.2 V=  1.8 roll= -0.0 T1= 50.5 ph=1
 t= 11.0 alt= 13.3 V= 1.6 roll= -0.1 T1= 50.5 ph=1
 t= 12.0 alt= 15.4 V= 1.9 roll= -0.0 T1= 50.5 ph=1
 t= 13.0 alt= 17.7 V= 2.1 roll= -0.0 T1= 50.4 ph=1
 t= 14.0 alt= 20.1 V=  2.0 roll=  0.0 T1= 50.4 ph=1
 t= 15.0 alt= 22.5 V=  1.5 roll=  0.0 T1= 50.4 ph=1
 t= 16.0 alt= 25.0 V=  2.2 roll=  0.0 T1= 50.2 ph=1
 t= 17.0 alt= 27.5 V=  1.8 roll=  0.0 T1= 50.1 ph=1
 t= 18.0 alt= 30.0 V=  2.0 roll=  0.0 T1= 50.3 ph=1
 t= 19.0 alt= 32.5 V=  2.3 roll=  0.0 T1= 50.2 ph=1
 t= 20.0 alt= 35.0 V=  2.1 roll=  0.0 T1= 50.1 ph=1
 t= 21.0 alt= 37.4 V=  1.7 roll= -0.0 T1= 50.1 ph=1
 t= 22.0 alt= 39.9 V=  1.9 roll= -0.0 T1= 49.7 ph=1
 t= 23.0 alt= 42.2 V=  1.8 roll= -0.0 T1= 49.7 ph=1
 t= 24.0 alt= 44.5 V=  1.5 roll= -0.0 T1= 49.6 ph=1
 t= 25.0 alt= 46.7 V=  1.4 roll= -0.0 T1= 49.3 ph=1
 t= 26.0 alt= 48.8 V=  1.8 roll= -0.0 T1= 49.2 ph=1
 t= 27.0 alt= 50.7 V=  1.5 roll= -0.0 T1= 49.1 ph=1
 t= 28.0 alt= 52.5 V=  0.5 roll= -0.0 T1= 48.8 ph=1
 t= 29.0 alt= 54.2 V=  1.1 roll= -0.0 T1= 48.7 ph=1
 t= 30.0 alt= 55.7 V=  1.4 roll=  0.0 T1= 48.5 ph=1
 t= 31.0 alt= 57.0 V=  1.0 roll= -0.0 T1= 48.4 ph=1
 t= 32.0 alt= 58.1 V=  0.9 roll= -0.0 T1= 48.3 ph=1
 t= 33.0 alt= 59.0 V=  0.1 roll= -0.0 T1= 48.2 ph=1
 t= 34.0 alt= 59.6 V=  0.9 roll= -0.1 T1= 48.3 ph=1
 t= 35.0 alt= 60.1 V=  1.5 roll= -0.2 T1= 48.6 ph=1
 t= 36.0 alt= 60.2 V=  0.8 roll= -0.4 T1= 49.3 ph=2
 t= 37.0 alt= 60.1 V=  2.1 roll= -0.7 T1= 48.8 ph=2
 t= 38.0 alt= 60.1 V=  2.5 roll= -1.0 T1= 49.4 ph=2
 t= 39.0 alt= 60.0 V=  2.9 roll= -1.3 T1= 52.8 ph=2
 t= 40.0 alt= 60.0 V=  3.3 roll= -1.6 T1= 52.1 ph=2
 t= 41.0 alt= 60.0 V=  3.5 roll= -1.9 T1= 53.0 ph=2
 t= 42.0 alt= 60.0 V=  3.7 roll= -2.0 T1= 53.3 ph=2
 t= 43.0 alt= 60.0 V=  3.4 roll= -1.6 T1= 53.5 ph=2
 t= 44.0 alt= 60.0 V=  3.6 roll= -1.7 T1= 53.5 ph=2
 t= 45.0 alt= 60.0 V=  3.7 roll= -1.7 T1= 53.5 ph=2
 t= 46.0 alt= 60.0 V=  3.5 roll= -1.7 T1= 53.4 ph=2
 t= 47.0 alt= 60.0 V=  3.8 roll= -1.6 T1= 53.4 ph=2
 t= 48.0 alt= 60.0 V=  3.7 roll= -1.7 T1= 53.4 ph=2
 t= 49.0 alt= 60.0 V=  3.7 roll= -1.7 T1= 53.5 ph=2
 t= 50.0 alt= 60.0 V=  3.8 roll= -1.6 T1= 53.5 ph=2
 t= 51.0 alt= 60.0 V=  3.5 roll= -1.7 T1= 53.5 ph=2
 t= 52.0 alt= 60.0 V=  3.6 roll= -1.7 T1= 53.4 ph=2
 t= 53.0 alt= 60.0 V=  3.6 roll= -1.7 T1= 53.6 ph=2
 t= 54.0 alt= 60.0 V=  3.7 roll= -1.7 T1= 53.5 ph=2
 t= 55.0 alt= 60.0 V=  3.5 roll= -1.7 T1= 53.4 ph=2
 t= 56.0 alt= 60.0 V=  3.5 roll= -1.7 T1= 53.5 ph=2
 t= 57.0 alt= 60.0 V=  3.8 roll= -1.7 T1= 53.4 ph=2
 t= 58.0 alt= 60.0 V=  3.4 roll= -1.6 T1= 53.5 ph=2
 t= 59.0 alt= 60.0 V=  3.5 roll= -1.7 T1= 53.4 ph=2
 t= 60.0 alt= 60.0 V=  3.7 roll= -1.7 T1= 53.5 ph=2
 t= 61.0 alt= 60.0 V=  3.4 roll= -1.7 T1= 53.4 ph=2
 t= 62.0 alt= 60.0 V=  3.7 roll= -1.7 T1= 53.4 ph=2
 t= 63.0 alt= 60.0 V=  3.5 roll= -1.7 T1= 53.4 ph=2
 t= 64.0 alt= 60.0 V=  3.7 roll= -1.7 T1= 53.4 ph=2
 t= 65.0 alt= 60.0 V=  3.7 roll= -1.7 T1= 53.4 ph=2
 t= 66.0 alt= 60.0 V=  3.6 roll= -1.7 T1= 53.5 ph=2
 t= 67.0 alt= 60.0 V=  3.6 roll= -1.7 T1= 53.4 ph=2
 t= 68.0 alt= 60.0 V=  3.6 roll= -1.7 T1= 53.5 ph=2
 t= 69.0 alt= 60.0 V=  3.9 roll= -1.6 T1= 53.5 ph=2
 t= 70.0 alt= 60.0 V=  3.6 roll= -1.6 T1= 53.4 ph=2
max_alt=60.1 max_roll=1.97 min_alt_end=59.9
