[MAVLink] Connecting to tcp:127.0.0.1:5810 ...
[MAVLink] Connected to SITL instance 5 (sysid=1, compid=1)
[MAVLink] Waiting for EKF health ...
[MAVLink] EKF healthy: flags=0x033f
[MAVLink] Waiting for GPS 3D fix ...
[MAVLink] GPS OK: lat=--353632621, lon=1491652374
[MAVLink] Sending arm command ...
[MAVLink] Vehicle ARMED
 t=  0.0 alt=  0.1 V=  0.4 roll=  0.0 T1=  0.0 ph=1
 t=  1.0 alt=  0.1 V=  0.5 roll=  0.0 T1= 16.0 ph=1
 t=  2.0 alt=  0.1 V=  0.6 roll=  0.0 T1= 44.5 ph=1
 t=  3.0 alt=  0.2 V=  0.8 roll=  0.0 T1= 51.5 ph=1
 t=  4.0 alt=  1.0 V=  0.2 roll= -0.1 T1= 51.6 ph=1
 t=  5.0 alt=  2.5 V=  1.3 roll= -0.0 T1= 49.6 ph=1
 t=  6.0 alt=  4.1 V=  0.8 roll=  0.0 T1= 49.8 ph=1
 t=  7.0 alt=  5.7 V=  0.8 roll=  0.0 T1= 50.1 ph=1
 t=  8.0 alt=  7.4 V=  0.8 roll= -0.0 T1= 50.3 ph=1
 t=  9.0 alt=  9.2 V=  0.7 roll= -0.0 T1= 50.6 ph=1
 t= 10.0 alt= 11.2 V=  1.8 roll=  0.1 T1= 50.5 ph=1
 t= 11.0 alt= 13.2 V=  1.6 roll= -0.0 T1= 50.5 ph=1
 t= 12.0 alt= 15.4 V= 1.9 roll= -0.0 T1= 50.6 ph=1
 t= 13.0 alt= 17.7 V=  2.1 roll= -0.0 T1= 50.5 ph=1
 t= 14.0 alt= 20.1 V=  2.0 roll= -0.1 T1= 50.6 ph=1
 t= 15.0 alt= 22.5 V=  1.5 roll= -0.0 T1= 50.5 ph=1
 t= 16.0 alt= 25.0 V=  2.2 roll=  0.0 T1= 50.3 ph=1
 t= 17.0 alt= 27.5 V=  1.8 roll=  0.0 T1= 50.4 ph=1
 t= 18.0 alt= 30.0 V=  2.0 roll=  0.0 T1= 50.4 ph=1
 t= 19.0 alt= 32.5 V=  2.3 roll=  0.0 T1= 50.2 ph=1
 t= 20.0 alt= 35.0 V=  2.1 roll=  0.0 T1= 50.2 ph=1
 t= 21.0 alt= 37.4 V=  1.7 roll=  0.0 T1= 50.1 ph=1
 t= 22.0 alt= 39.9 V=  1.9 roll=  0.0 T1= 49.8 ph=1
 t= 23.0 alt= 42.2 V=  1.8 roll= -0.0 T1= 49.5 ph=1
 t= 24.0 alt= 44.5 V=  1.5 roll= -0.0 T1= 49.6 ph=1
 t= 25.0 alt= 46.7 V=  1.4 roll=  0.0 T1= 49.5 ph=1
 t= 26.0 alt= 48.8 V=  1.8 roll= -0.0 T1= 49.3 ph=1
 t= 27.0 alt= 50.7 V=  1.5 roll= -0.0 T1= 49.2 ph=1
 t= 28.0 alt= 52.5 V=  0.5 roll= -0.0 T1= 48.9 ph=1
 t= 29.0 alt= 54.2 V=  1.1 roll= -0.0 T1= 48.8 ph=1
 t= 30.0 alt= 55.7 V=  1.4 roll=  0.0 T1= 48.6 ph=1
 t= 31.0 alt= 57.0 V=  1.0 roll= -0.0 T1= 48.5 ph=1
 t= 32.0 alt= 58.1 V=  0.9 roll= -0.0 T1= 48.3 ph=1
 t= 33.0 alt= 59.0 V=  0.3 roll=  0.0 T1= 48.1 ph=1
 t= 34.0 alt= 59.6 V=  0.4 roll= -0.0 T1= 47.9 ph=1
 t= 35.0 alt= 60.1 V=  0.7 roll=  0.0 T1= 47.8 ph=1
 t= 36.0 alt= 60.2 V=  0.9 roll= -0.0 T1= 47.8 ph=2
 t= 37.0 alt= 60.1 V=  0.4 roll=  0.0 T1= 49.3 ph=2
 t= 38.0 alt= 60.0 V=  0.6 roll= -0.0 T1= 49.3 ph=3
 t= 39.0 alt= 60.0 V=  0.3 roll=  0.0 T1= 49.4 ph=3
 t= 40.0 alt= 60.0 V=  0.1 roll=  0.0 T1= 49.9 ph=3
 t= 41.0 alt= 60.0 V=  2.2 roll=  0.2 T1= 50.8 ph=3
 t= 42.0 alt= 60.0 V=  5.3 roll=  0.0 T1= 50.2 ph=3
 t= 43.0 alt= 60.0 V=  8.3 roll= -0.1 T1= 53.0 ph=3
 t= 44.0 alt= 60.0 V= 11.3 roll= -0.1 T1= 46.3 ph=3
 t= 45.0 alt= 60.1 V= 14.2 roll= -0.1 T1= 37.2 ph=3
 t= 46.0 alt= 60.2 V= 16.9 roll= -0.0 T1= 26.8 ph=3
 t= 47.0 alt= 60.3 V= 19.0 roll= -0.1 T1=  0.0 ph=3
 t= 48.0 alt= 60.3 V= 20.0 roll= -0.1 T1= 48.1 ph=4
 t= 49.0 alt= 60.2 V= 20.0 roll=  0.0 T1= 42.9 ph=4
 t= 50.0 alt= 60.2 V= 19.8 roll=  0.1 T1= 24.1 ph=4
 t= 51.0 alt= 60.1 V= 19.5 roll=  0.0 T1= 21.3 ph=4
 t= 52.0 alt= 60.0 V= 19.5 roll=  0.1 T1= 19.8 ph=4
 t= 53.0 alt= 60.0 V= 19.4 roll=  0.0 T1= 21.7 ph=4
 t= 54.0 alt= 60.0 V= 19.4 roll= -0.0 T1= 20.2 ph=4
 t= 55.0 alt= 60.0 V= 19.4 roll= -0.1 T1= 25.5 ph=4
 t= 56.0 alt= 60.0 V= 19.4 roll= -0.0 T1= 13.7 ph=4
 t= 57.0 alt= 60.0 V= 19.4 roll= -0.1 T1=  0.6 ph=4
 t= 58.0 alt= 60.0 V= 19.3 roll= -0.0 T1= 12.6 ph=4
 t= 59.0 alt= 60.0 V= 19.4 roll=  0.0 T1= 12.9 ph=4
 t= 60.0 alt= 60.0 V= 19.4 roll=  0.1 T1= 14.7 ph=4
 t= 61.0 alt= 60.0 V= 19.4 roll=  0.0 T1= 13.3 ph=4
 t= 62.0 alt= 60.0 V= 19.4 roll=  0.0 T1=  0.0 ph=4
 t= 63.0 alt= 60.0 V= 19.3 roll=  0.0 T1=  2.0 ph=4
 t= 64.0 alt= 60.0 V= 19.4 roll=  0.0 T1=  0.0 ph=7
 t= 65.0 alt= 60.0 V= 19.4 roll= -0.0 T1=  1.3 ph=7
 t= 66.0 alt= 60.0 V= 19.2 roll= -0.0 T1= 15.8 ph=7
 t= 67.0 alt= 60.0 V= 18.7 roll=  0.0 T1=  9.1 ph=7
 t= 68.0 alt= 60.0 V= 18.1 roll=  0.0 T1=  0.0 ph=7
 t= 69.0 alt= 59.9 V= 17.2 roll= -0.1 T1=  9.6 ph=7
 t= 70.0 alt= 59.9 V= 15.9 roll=  0.5 T1= 21.8 ph=7
 t= 71.0 alt= 59.9 V= 14.5 roll= -0.4 T1= 59.5 ph=7
 t= 72.0 alt= 59.9 V= 12.9 roll=  0.2 T1= 88.5 ph=7
 t= 73.0 alt= 59.9 V= 11.4 roll=  0.2 T1= 94.8 ph=7
 t= 74.0 alt= 59.8 V= 10.5 roll=  0.1 T1= 95.0 ph=7
 t= 75.0 alt= 59.7 V=  9.5 roll=  0.6 T1= 93.1 ph=7
 t= 76.0 alt= 59.8 V=  8.4 roll=  2.2 T1= 92.1 ph=7
 t= 77.0 alt= 59.9 V=  7.0 roll= -8.5 T1= 72.1 ph=7
 t= 78.0 alt= 60.0 V=  5.1 roll=  2.8 T1= 76.0 ph=7
 t= 79.0 alt= 60.1 V=  3.4 roll=  2.1 T1= 87.8 ph=7
 t= 80.0 alt= 60.1 V=  1.9 roll=  4.2 T1= 88.6 ph=7
 t= 81.0 alt= 60.1 V=  0.6 roll= -1.2 T1= 74.3 ph=7
 t= 82.0 alt= 60.0 V=  1.0 roll=  0.5 T1= 83.4 ph=7
 t= 83.0 alt= 60.0 V=  0.9 roll= -0.6 T1= 82.6 ph=7
 t= 84.0 alt= 60.0 V=  0.5 roll= -0.2 T1= 83.2 ph=8
 t= 85.0 alt= 60.0 V=  0.7 roll= -0.0 T1= 83.6 ph=8
 t= 86.0 alt= 60.0 V=  0.8 roll=  0.0 T1= 83.7 ph=10
 t= 87.0 alt= 60.0 V=  0.4 roll=  0.0 T1= 83.8 ph=10
 t= 88.0 alt= 60.0 V=  0.7 roll=  0.0 T1= 83.9 ph=10
 t= 89.0 alt= 60.0 V=  0.5 roll= -0.0 T1= 83.9 ph=10
 t= 90.0 alt= 60.0 V=  0.4 roll= -0.0 T1= 83.9 ph=10
 t= 91.0 alt= 60.0 V=  0.5 roll= -0.0 T1= 84.0 ph=10
 t= 92.0 alt= 60.0 V=  0.7 roll= -0.0 T1= 83.9 ph=10
 t= 93.0 alt= 60.0 V=  1.1 roll=  0.0 T1= 84.0 ph=10
 t= 94.0 alt= 60.0 V=  0.7 roll= -0.0 T1= 84.0 ph=10
 t= 95.0 alt= 60.0 V=  0.1 roll=  0.0 T1= 84.0 ph=10
 t= 96.0 alt= 60.0 V=  0.2 roll= -0.0 T1= 83.9 ph=10
 t= 97.0 alt= 60.0 V=  0.2 roll=  0.0 T1= 83.9 ph=10
 t= 98.0 alt= 60.0 V=  0.7 roll= -0.0 T1= 83.9 ph=10
 t= 99.0 alt= 60.0 V=  0.6 roll=  0.0 T1= 84.0 ph=10
 t=100.0 alt= 60.0 V=  0.3 roll=  0.0 T1= 84.0 ph=10
max_alt=60.2 max_roll=11.49 min_alt_end=59.9
